{"main":"../dist/sub/index.js","module":"../dist/sub/index.mjs"}