{"main":"../../dist/foo.js","module":"../../dist/foo.mjs"}