{"main":"../../dist/sub/sub/index.js","module":"../../dist/sub/sub/index.mjs"}