{
  "name": "simple",
  "version": "0.1.1",
  "exports": "./src/index.ts",
  "publishConfig": {
    "typesVersions": {
      "<5.0": {
        "*": [
          "*",
          "./*",
          "./*/index.d.ts",
          "./*/index.d.mts",
          "./*/index.d.cts"
        ]
      }
    },
    "exports": {
      ".": {
        "simple/__source__": "./src/index.ts",
        "import": "./dist/index.mjs",
        "default": "./dist/index.js"
      }
    },
    "main": "./dist/index.js",
    "module": "./dist/index.mjs",
    "types": "./dist/index.d.ts"
  }
}
